[2024-04-11T12:18:35.573+0200][gc,heap] Heap region size: 1M
[2024-04-11T12:18:35.582+0200][gc     ] Using G1
[2024-04-11T12:18:35.582+0200][gc,heap,coops] Heap address: 0x00000000c0000000, size: 1024 MB, Compressed Oops mode: 32-bit
[2024-04-11T12:18:35.582+0200][gc,cds       ] Mark closed archive regions in map: [0x00000000fff00000, 0x00000000fff6bff8]
[2024-04-11T12:18:35.582+0200][gc,cds       ] Mark open archive regions in map: [0x00000000ffe00000, 0x00000000ffe47ff8]
[2024-04-11T12:18:36.459+0200][gc,start     ] GC(0) Pause Young (Normal) (G1 Evacuation Pause)
[2024-04-11T12:18:36.459+0200][gc,task      ] GC(0) Using 4 workers of 4 for evacuation
[2024-04-11T12:18:36.469+0200][gc,phases    ] GC(0)   Pre Evacuate Collection Set: 0,0ms
[2024-04-11T12:18:36.469+0200][gc,phases    ] GC(0)   Evacuate Collection Set: 9,2ms
[2024-04-11T12:18:36.469+0200][gc,phases    ] GC(0)   Post Evacuate Collection Set: 0,4ms
[2024-04-11T12:18:36.469+0200][gc,phases    ] GC(0)   Other: 0,4ms
[2024-04-11T12:18:36.469+0200][gc,heap      ] GC(0) Eden regions: 51->0(44)
[2024-04-11T12:18:36.469+0200][gc,heap      ] GC(0) Survivor regions: 0->7(7)
[2024-04-11T12:18:36.469+0200][gc,heap      ] GC(0) Old regions: 2->3
[2024-04-11T12:18:36.469+0200][gc,heap      ] GC(0) Humongous regions: 0->0
[2024-04-11T12:18:36.469+0200][gc,metaspace ] GC(0) Metaspace: 13963K(14848K)->13963K(14848K) NonClass: 12234K(12800K)->12234K(12800K) Class: 1728K(2048K)->1728K(2048K)
[2024-04-11T12:18:36.469+0200][gc           ] GC(0) Pause Young (Normal) (G1 Evacuation Pause) 51M->8M(1024M) 10,126ms
[2024-04-11T12:18:36.469+0200][gc,cpu       ] GC(0) User=0,03s Sys=0,00s Real=0,01s
[2024-04-11T12:18:37.468+0200][gc,start     ] GC(1) Pause Young (Concurrent Start) (Metadata GC Threshold)
[2024-04-11T12:18:37.468+0200][gc,task      ] GC(1) Using 4 workers of 4 for evacuation
[2024-04-11T12:18:37.480+0200][gc,phases    ] GC(1)   Pre Evacuate Collection Set: 0,1ms
[2024-04-11T12:18:37.480+0200][gc,phases    ] GC(1)   Evacuate Collection Set: 11,5ms
[2024-04-11T12:18:37.480+0200][gc,phases    ] GC(1)   Post Evacuate Collection Set: 0,4ms
[2024-04-11T12:18:37.480+0200][gc,phases    ] GC(1)   Other: 0,2ms
[2024-04-11T12:18:37.480+0200][gc,heap      ] GC(1) Eden regions: 30->0(50)
[2024-04-11T12:18:37.480+0200][gc,heap      ] GC(1) Survivor regions: 7->1(7)
[2024-04-11T12:18:37.480+0200][gc,heap      ] GC(1) Old regions: 3->10
[2024-04-11T12:18:37.480+0200][gc,heap      ] GC(1) Humongous regions: 0->0
[2024-04-11T12:18:37.480+0200][gc,metaspace ] GC(1) Metaspace: 20467K(21296K)->20467K(21296K) NonClass: 18005K(18608K)->18005K(18608K) Class: 2461K(2688K)->2461K(2688K)
[2024-04-11T12:18:37.480+0200][gc           ] GC(1) Pause Young (Concurrent Start) (Metadata GC Threshold) 38M->8M(1024M) 12,286ms
[2024-04-11T12:18:37.480+0200][gc,cpu       ] GC(1) User=0,04s Sys=0,01s Real=0,01s
[2024-04-11T12:18:37.480+0200][gc           ] GC(2) Concurrent Cycle
[2024-04-11T12:18:37.480+0200][gc,marking   ] GC(2) Concurrent Clear Claimed Marks
[2024-04-11T12:18:37.480+0200][gc,marking   ] GC(2) Concurrent Clear Claimed Marks 0,045ms
[2024-04-11T12:18:37.480+0200][gc,marking   ] GC(2) Concurrent Scan Root Regions
[2024-04-11T12:18:37.481+0200][gc,marking   ] GC(2) Concurrent Scan Root Regions 0,928ms
[2024-04-11T12:18:37.481+0200][gc,marking   ] GC(2) Concurrent Mark (1,912s)
[2024-04-11T12:18:37.481+0200][gc,marking   ] GC(2) Concurrent Mark From Roots
[2024-04-11T12:18:37.481+0200][gc,task      ] GC(2) Using 1 workers of 1 for marking
[2024-04-11T12:18:37.493+0200][gc,marking   ] GC(2) Concurrent Mark From Roots 11,658ms
[2024-04-11T12:18:37.493+0200][gc,marking   ] GC(2) Concurrent Preclean
[2024-04-11T12:18:37.493+0200][gc,marking   ] GC(2) Concurrent Preclean 0,125ms
[2024-04-11T12:18:37.493+0200][gc,marking   ] GC(2) Concurrent Mark (1,912s, 1,923s) 11,848ms
[2024-04-11T12:18:37.493+0200][gc,start     ] GC(2) Pause Remark
[2024-04-11T12:18:37.498+0200][gc,stringtable] GC(2) Cleaned string and symbol table, strings: 5760 processed, 0 removed, symbols: 53705 processed, 40 removed
[2024-04-11T12:18:37.498+0200][gc            ] GC(2) Pause Remark 9M->9M(1024M) 5,224ms
[2024-04-11T12:18:37.498+0200][gc,cpu        ] GC(2) User=0,01s Sys=0,00s Real=0,01s
[2024-04-11T12:18:37.498+0200][gc,marking    ] GC(2) Concurrent Rebuild Remembered Sets
[2024-04-11T12:18:37.505+0200][gc,marking    ] GC(2) Concurrent Rebuild Remembered Sets 6,221ms
[2024-04-11T12:18:37.505+0200][gc,start      ] GC(2) Pause Cleanup
[2024-04-11T12:18:37.505+0200][gc            ] GC(2) Pause Cleanup 9M->9M(1024M) 0,309ms
[2024-04-11T12:18:37.505+0200][gc,cpu        ] GC(2) User=0,01s Sys=0,00s Real=0,00s
[2024-04-11T12:18:37.505+0200][gc,marking    ] GC(2) Concurrent Cleanup for Next Mark
[2024-04-11T12:18:37.514+0200][gc,marking    ] GC(2) Concurrent Cleanup for Next Mark 8,437ms
[2024-04-11T12:18:37.514+0200][gc            ] GC(2) Concurrent Cycle 33,509ms
[2024-04-11T12:18:38.102+0200][gc,start      ] GC(3) Pause Young (Normal) (G1 Evacuation Pause)
[2024-04-11T12:18:38.102+0200][gc,task       ] GC(3) Using 4 workers of 4 for evacuation
[2024-04-11T12:18:38.107+0200][gc,phases     ] GC(3)   Pre Evacuate Collection Set: 0,0ms
[2024-04-11T12:18:38.107+0200][gc,phases     ] GC(3)   Evacuate Collection Set: 4,3ms
[2024-04-11T12:18:38.107+0200][gc,phases     ] GC(3)   Post Evacuate Collection Set: 0,4ms
[2024-04-11T12:18:38.107+0200][gc,phases     ] GC(3)   Other: 0,1ms
[2024-04-11T12:18:38.107+0200][gc,heap       ] GC(3) Eden regions: 50->0(48)
[2024-04-11T12:18:38.107+0200][gc,heap       ] GC(3) Survivor regions: 1->3(7)
[2024-04-11T12:18:38.107+0200][gc,heap       ] GC(3) Old regions: 10->10
[2024-04-11T12:18:38.107+0200][gc,heap       ] GC(3) Humongous regions: 129->129
[2024-04-11T12:18:38.107+0200][gc,metaspace  ] GC(3) Metaspace: 29405K(30720K)->29405K(30720K) NonClass: 26012K(26880K)->26012K(26880K) Class: 3392K(3840K)->3392K(3840K)
[2024-04-11T12:18:38.107+0200][gc            ] GC(3) Pause Young (Normal) (G1 Evacuation Pause) 187M->139M(1024M) 4,909ms
[2024-04-11T12:18:38.107+0200][gc,cpu        ] GC(3) User=0,01s Sys=0,00s Real=0,01s
[2024-04-11T12:18:38.636+0200][gc,start      ] GC(4) Pause Young (Concurrent Start) (Metadata GC Threshold)
[2024-04-11T12:18:38.636+0200][gc,task       ] GC(4) Using 4 workers of 4 for evacuation
[2024-04-11T12:18:38.644+0200][gc,phases     ] GC(4)   Pre Evacuate Collection Set: 0,1ms
[2024-04-11T12:18:38.644+0200][gc,phases     ] GC(4)   Evacuate Collection Set: 7,2ms
[2024-04-11T12:18:38.644+0200][gc,phases     ] GC(4)   Post Evacuate Collection Set: 0,4ms
[2024-04-11T12:18:38.644+0200][gc,phases     ] GC(4)   Other: 0,2ms
[2024-04-11T12:18:38.644+0200][gc,heap       ] GC(4) Eden regions: 37->0(44)
[2024-04-11T12:18:38.644+0200][gc,heap       ] GC(4) Survivor regions: 3->7(7)
[2024-04-11T12:18:38.644+0200][gc,heap       ] GC(4) Old regions: 10->10
[2024-04-11T12:18:38.644+0200][gc,heap       ] GC(4) Humongous regions: 129->129
[2024-04-11T12:18:38.644+0200][gc,metaspace  ] GC(4) Metaspace: 34733K(36048K)->34733K(36048K) NonClass: 30706K(31440K)->30706K(31440K) Class: 4027K(4608K)->4027K(4608K)
[2024-04-11T12:18:38.644+0200][gc            ] GC(4) Pause Young (Concurrent Start) (Metadata GC Threshold) 176M->143M(1024M) 8,031ms
[2024-04-11T12:18:38.644+0200][gc,cpu        ] GC(4) User=0,02s Sys=0,00s Real=0,01s
[2024-04-11T12:18:38.644+0200][gc            ] GC(5) Concurrent Cycle
[2024-04-11T12:18:38.644+0200][gc,marking    ] GC(5) Concurrent Clear Claimed Marks
[2024-04-11T12:18:38.644+0200][gc,marking    ] GC(5) Concurrent Clear Claimed Marks 0,095ms
[2024-04-11T12:18:38.644+0200][gc,marking    ] GC(5) Concurrent Scan Root Regions
[2024-04-11T12:18:38.650+0200][gc,marking    ] GC(5) Concurrent Scan Root Regions 5,410ms
[2024-04-11T12:18:38.650+0200][gc,marking    ] GC(5) Concurrent Mark (3,080s)
[2024-04-11T12:18:38.650+0200][gc,marking    ] GC(5) Concurrent Mark From Roots
[2024-04-11T12:18:38.650+0200][gc,task       ] GC(5) Using 1 workers of 1 for marking
[2024-04-11T12:18:38.662+0200][gc,marking    ] GC(5) Concurrent Mark From Roots 12,207ms
[2024-04-11T12:18:38.662+0200][gc,marking    ] GC(5) Concurrent Preclean
[2024-04-11T12:18:38.662+0200][gc,marking    ] GC(5) Concurrent Preclean 0,137ms
[2024-04-11T12:18:38.662+0200][gc,marking    ] GC(5) Concurrent Mark (3,080s, 3,093s) 12,410ms
[2024-04-11T12:18:38.663+0200][gc,start      ] GC(5) Pause Remark
[2024-04-11T12:18:38.665+0200][gc,stringtable] GC(5) Cleaned string and symbol table, strings: 9873 processed, 9 removed, symbols: 86379 processed, 20 removed
[2024-04-11T12:18:38.665+0200][gc            ] GC(5) Pause Remark 145M->145M(1024M) 2,789ms
[2024-04-11T12:18:38.665+0200][gc,cpu        ] GC(5) User=0,01s Sys=0,00s Real=0,01s
[2024-04-11T12:18:38.665+0200][gc,marking    ] GC(5) Concurrent Rebuild Remembered Sets
[2024-04-11T12:18:38.673+0200][gc,marking    ] GC(5) Concurrent Rebuild Remembered Sets 7,455ms
[2024-04-11T12:18:38.676+0200][gc,start      ] GC(5) Pause Cleanup
[2024-04-11T12:18:38.676+0200][gc            ] GC(5) Pause Cleanup 145M->145M(1024M) 0,241ms
[2024-04-11T12:18:38.676+0200][gc,cpu        ] GC(5) User=0,00s Sys=0,00s Real=0,00s
[2024-04-11T12:18:38.676+0200][gc,marking    ] GC(5) Concurrent Cleanup for Next Mark
[2024-04-11T12:18:38.685+0200][gc,marking    ] GC(5) Concurrent Cleanup for Next Mark 9,497ms
[2024-04-11T12:18:38.685+0200][gc            ] GC(5) Concurrent Cycle 41,097ms
[2024-04-11T12:26:22.894+0200][gc,start      ] GC(6) Pause Young (Concurrent Start) (G1 Evacuation Pause)
[2024-04-11T12:26:22.894+0200][gc,task       ] GC(6) Using 4 workers of 4 for evacuation
[2024-04-11T12:26:22.943+0200][gc,mmu        ] GC(6) MMU target violated: 21,0ms (20,0ms/21,0ms)
[2024-04-11T12:26:22.943+0200][gc,phases     ] GC(6)   Pre Evacuate Collection Set: 0,5ms
[2024-04-11T12:26:22.943+0200][gc,phases     ] GC(6)   Evacuate Collection Set: 45,9ms
[2024-04-11T12:26:22.943+0200][gc,phases     ] GC(6)   Post Evacuate Collection Set: 1,5ms
[2024-04-11T12:26:22.943+0200][gc,phases     ] GC(6)   Other: 0,9ms
[2024-04-11T12:26:22.943+0200][gc,heap       ] GC(6) Eden regions: 44->0(45)
[2024-04-11T12:26:22.943+0200][gc,heap       ] GC(6) Survivor regions: 7->6(7)
[2024-04-11T12:26:22.943+0200][gc,heap       ] GC(6) Old regions: 10->12
[2024-04-11T12:26:22.943+0200][gc,heap       ] GC(6) Humongous regions: 129->129
[2024-04-11T12:26:22.943+0200][gc,metaspace  ] GC(6) Metaspace: 41631K(44032K)->41631K(44032K) NonClass: 36177K(37376K)->36177K(37376K) Class: 5453K(6656K)->5453K(6656K)
[2024-04-11T12:26:22.943+0200][gc            ] GC(6) Pause Young (Concurrent Start) (G1 Evacuation Pause) 187M->145M(1024M) 49,051ms
[2024-04-11T12:26:22.943+0200][gc,cpu        ] GC(6) User=0,13s Sys=0,00s Real=0,06s
[2024-04-11T12:26:22.944+0200][gc            ] GC(7) Concurrent Cycle
[2024-04-11T12:26:22.944+0200][gc,marking    ] GC(7) Concurrent Clear Claimed Marks
[2024-04-11T12:26:22.944+0200][gc,marking    ] GC(7) Concurrent Clear Claimed Marks 0,377ms
[2024-04-11T12:26:22.944+0200][gc,marking    ] GC(7) Concurrent Scan Root Regions
[2024-04-11T12:26:22.959+0200][gc,marking    ] GC(7) Concurrent Scan Root Regions 14,898ms
[2024-04-11T12:26:22.959+0200][gc,marking    ] GC(7) Concurrent Mark (467,389s)
[2024-04-11T12:26:22.959+0200][gc,marking    ] GC(7) Concurrent Mark From Roots
[2024-04-11T12:26:22.959+0200][gc,task       ] GC(7) Using 1 workers of 1 for marking
[2024-04-11T12:26:23.003+0200][gc,marking    ] GC(7) Concurrent Mark From Roots 43,875ms
[2024-04-11T12:26:23.003+0200][gc,marking    ] GC(7) Concurrent Preclean
[2024-04-11T12:26:23.003+0200][gc,marking    ] GC(7) Concurrent Preclean 0,256ms
[2024-04-11T12:26:23.003+0200][gc,marking    ] GC(7) Concurrent Mark (467,389s, 467,434s) 44,288ms
[2024-04-11T12:26:23.004+0200][gc,start      ] GC(7) Pause Remark
[2024-04-11T12:26:23.013+0200][gc,stringtable] GC(7) Cleaned string and symbol table, strings: 10838 processed, 1 removed, symbols: 94892 processed, 2 removed
[2024-04-11T12:26:23.013+0200][gc            ] GC(7) Pause Remark 145M->145M(1024M) 9,703ms
[2024-04-11T12:26:23.013+0200][gc,cpu        ] GC(7) User=0,03s Sys=0,00s Real=0,00s
[2024-04-11T12:26:23.013+0200][gc,marking    ] GC(7) Concurrent Rebuild Remembered Sets
[2024-04-11T12:26:23.022+0200][gc,marking    ] GC(7) Concurrent Rebuild Remembered Sets 8,433ms
[2024-04-11T12:26:23.022+0200][gc,start      ] GC(7) Pause Cleanup
[2024-04-11T12:26:23.022+0200][gc            ] GC(7) Pause Cleanup 145M->145M(1024M) 0,214ms
[2024-04-11T12:26:23.022+0200][gc,cpu        ] GC(7) User=0,00s Sys=0,00s Real=0,00s
[2024-04-11T12:26:23.022+0200][gc,marking    ] GC(7) Concurrent Cleanup for Next Mark
[2024-04-11T12:26:23.024+0200][gc,marking    ] GC(7) Concurrent Cleanup for Next Mark 1,285ms
[2024-04-11T12:26:23.024+0200][gc            ] GC(7) Concurrent Cycle 80,041ms
[2024-04-11T12:48:25.396+0200][gc,heap,exit  ] Heap
[2024-04-11T12:48:25.396+0200][gc,heap,exit  ]  garbage-first heap   total 1048576K, used 179336K [0x00000000c0000000, 0x0000000100000000)
[2024-04-11T12:48:25.397+0200][gc,heap,exit  ]   region size 1024K, 38 young (38912K), 6 survivors (6144K)
[2024-04-11T12:48:25.397+0200][gc,heap,exit  ]  Metaspace       used 43428K, capacity 46191K, committed 46464K, reserved 1089536K
[2024-04-11T12:48:25.397+0200][gc,heap,exit  ]   class space    used 5841K, capacity 7193K, committed 7296K, reserved 1048576K
