[2024-04-11T11:41:35.386+0200][gc,heap] Heap region size: 1M
[2024-04-11T11:41:35.391+0200][gc     ] Using G1
[2024-04-11T11:41:35.391+0200][gc,heap,coops] Heap address: 0x00000000e0000000, size: 512 MB, Compressed Oops mode: 32-bit
[2024-04-11T11:41:35.391+0200][gc,cds       ] Mark closed archive regions in map: [0x00000000fff00000, 0x00000000fff6bff8]
[2024-04-11T11:41:35.391+0200][gc,cds       ] Mark open archive regions in map: [0x00000000ffe00000, 0x00000000ffe47ff8]
[2024-04-11T11:41:36.045+0200][gc,start     ] GC(0) Pause Young (Normal) (G1 Evacuation Pause)
[2024-04-11T11:41:36.045+0200][gc,task      ] GC(0) Using 4 workers of 4 for evacuation
[2024-04-11T11:41:36.063+0200][gc,phases    ] GC(0)   Pre Evacuate Collection Set: 0,0ms
[2024-04-11T11:41:36.063+0200][gc,phases    ] GC(0)   Evacuate Collection Set: 17,9ms
[2024-04-11T11:41:36.063+0200][gc,phases    ] GC(0)   Post Evacuate Collection Set: 0,3ms
[2024-04-11T11:41:36.064+0200][gc,phases    ] GC(0)   Other: 0,4ms
[2024-04-11T11:41:36.064+0200][gc,heap      ] GC(0) Eden regions: 25->0(21)
[2024-04-11T11:41:36.064+0200][gc,heap      ] GC(0) Survivor regions: 0->4(4)
[2024-04-11T11:41:36.064+0200][gc,heap      ] GC(0) Old regions: 2->6
[2024-04-11T11:41:36.064+0200][gc,heap      ] GC(0) Humongous regions: 0->0
[2024-04-11T11:41:36.064+0200][gc,metaspace ] GC(0) Metaspace: 7094K(7680K)->7094K(7680K) NonClass: 6298K(6656K)->6298K(6656K) Class: 795K(1024K)->795K(1024K)
[2024-04-11T11:41:36.064+0200][gc           ] GC(0) Pause Young (Normal) (G1 Evacuation Pause) 25M->8M(512M) 18,775ms
[2024-04-11T11:41:36.064+0200][gc,cpu       ] GC(0) User=0,05s Sys=0,00s Real=0,02s
[2024-04-11T12:16:37.579+0200][gc,heap,exit ] Heap
[2024-04-11T12:16:37.579+0200][gc,heap,exit ]  garbage-first heap   total 524288K, used 23855K [0x00000000e0000000, 0x0000000100000000)
[2024-04-11T12:16:37.579+0200][gc,heap,exit ]   region size 1024K, 20 young (20480K), 4 survivors (4096K)
[2024-04-11T12:16:37.579+0200][gc,heap,exit ]  Metaspace       used 9306K, capacity 9729K, committed 9984K, reserved 1058816K
[2024-04-11T12:16:37.579+0200][gc,heap,exit ]   class space    used 1008K, capacity 1165K, committed 1280K, reserved 1048576K
